  蹂듭썝???꾨줈?앺듃瑜??뺤씤?섎뒗 以?..
  蹂듭썝??紐⑤뱺 ?꾨줈?앺듃媛 理쒖떊 ?곹깭?낅땲??
C:\YOON\CSrepos\NewEventMap\MonitoringBridge\CSharpServer\Models\CommonModels.cs(33,2): error CS1513: }媛 ?꾩슂?⑸땲?? [C:\YOON\CSrepos\NewEventMap\MonitoringBridge\CSharpServer\CSharpServer.csproj]

鍮뚮뱶?섏? 紐삵뻽?듬땲??

C:\YOON\CSrepos\NewEventMap\MonitoringBridge\CSharpServer\Models\CommonModels.cs(33,2): error CS1513: }媛 ?꾩슂?⑸땲?? [C:\YOON\CSrepos\NewEventMap\MonitoringBridge\CSharpServer\CSharpServer.csproj]
    寃쎄퀬 0媛?
    ?ㅻ쪟 1媛?

寃쎄낵 ?쒓컙: 00:00:01.40
